#-----------------------------------------------------------
# Vivado v2018.1 (64-bit)
# SW Build 2188600 on Wed Apr  4 18:40:38 MDT 2018
# IP Build 2185939 on Wed Apr  4 20:55:05 MDT 2018
# Start of session at: Mon Apr 15 14:16:41 2024
# Process ID: 19424
# Current directory: C:/Users/Yutharsan/Documents/GitHub/CODD-Nano-Processor/Nano Processor
# Command line: vivado.exe -gui_launcher_event rodinguilauncherevent19068 C:\Users\Yutharsan\Documents\GitHub\CODD-Nano-Processor\Nano Processor\Nano Processor.xpr
# Log file: C:/Users/Yutharsan/Documents/GitHub/CODD-Nano-Processor/Nano Processor/vivado.log
# Journal file: C:/Users/Yutharsan/Documents/GitHub/CODD-Nano-Processor/Nano Processor\vivado.jou
#-----------------------------------------------------------
start_gui
open_project {C:/Users/Yutharsan/Documents/GitHub/CODD-Nano-Processor/Nano Processor/Nano Processor.xpr}
update_compile_order -fileset sources_1
reset_run synth_1
launch_runs synth_1 -jobs 2
wait_on_run synth_1
launch_simulation
source TB_Processor.tcl
close_sim
launch_simulation
source TB_Processor.tcl
close_sim
launch_simulation
source TB_Processor.tcl
reset_run synth_1
launch_runs synth_1 -jobs 2
wait_on_run synth_1
