#-----------------------------------------------------------
# Vivado v2018.1 (64-bit)
# SW Build 2188600 on Wed Apr  4 18:40:38 MDT 2018
# IP Build 2185939 on Wed Apr  4 20:55:05 MDT 2018
# Start of session at: Thu Apr 25 20:04:28 2024
# Process ID: 3712
# Current directory: C:/Users/Yutharsan/Documents/GitHub/CODD-Nano-Processor/Nano Processor
# Command line: vivado.exe -gui_launcher_event rodinguilauncherevent18128 C:\Users\Yutharsan\Documents\GitHub\CODD-Nano-Processor\Nano Processor\Nano Processor.xpr
# Log file: C:/Users/Yutharsan/Documents/GitHub/CODD-Nano-Processor/Nano Processor/vivado.log
# Journal file: C:/Users/Yutharsan/Documents/GitHub/CODD-Nano-Processor/Nano Processor\vivado.jou
#-----------------------------------------------------------
start_gui
open_project {C:/Users/Yutharsan/Documents/GitHub/CODD-Nano-Processor/Nano Processor/Nano Processor.xpr}
update_compile_order -fileset sources_1
set_property SOURCE_SET sources_1 [get_filesets sim_1]
close [ open {C:/Users/Yutharsan/Documents/GitHub/CODD-Nano-Processor/Nano Processor/Nano Processor.srcs/sim_1/new/TB_Mux_2_way_3.vhd} w ]
add_files -fileset sim_1 {{C:/Users/Yutharsan/Documents/GitHub/CODD-Nano-Processor/Nano Processor/Nano Processor.srcs/sim_1/new/TB_Mux_2_way_3.vhd}}
update_compile_order -fileset sim_1
set_property SOURCE_SET sources_1 [get_filesets sim_1]
close [ open {C:/Users/Yutharsan/Documents/GitHub/CODD-Nano-Processor/Nano Processor/Nano Processor.srcs/sim_1/new/TB_Mux_2_Way_4.vhd} w ]
add_files -fileset sim_1 {{C:/Users/Yutharsan/Documents/GitHub/CODD-Nano-Processor/Nano Processor/Nano Processor.srcs/sim_1/new/TB_Mux_2_Way_4.vhd}}
update_compile_order -fileset sim_1
set_property SOURCE_SET sources_1 [get_filesets sim_1]
close [ open {C:/Users/Yutharsan/Documents/GitHub/CODD-Nano-Processor/Nano Processor/Nano Processor.srcs/sim_1/new/TB_Mux_8_way_4.vhd} w ]
add_files -fileset sim_1 {{C:/Users/Yutharsan/Documents/GitHub/CODD-Nano-Processor/Nano Processor/Nano Processor.srcs/sim_1/new/TB_Mux_8_way_4.vhd}}
update_compile_order -fileset sim_1
# Disabling source management mode.  This is to allow the top design properties to be set without GUI intervention.
set_property source_mgmt_mode None [current_project]
set_property top Mux_2_way_3 [current_fileset]
# Re-enabling previously disabled source management mode.
set_property source_mgmt_mode All [current_project]
update_compile_order -fileset sources_1
launch_simulation
source Slow_Clk_tb.tcl
# Disabling source management mode.  This is to allow the top design properties to be set without GUI intervention.
set_property source_mgmt_mode None [current_project]
set_property top Mux_2_way_3_tb [get_filesets sim_1]
set_property top_lib xil_defaultlib [get_filesets sim_1]
# Re-enabling previously disabled source management mode.
set_property source_mgmt_mode All [current_project]
update_compile_order -fileset sim_1
launch_simulation
source Mux_2_way_3_tb.tcl
# Disabling source management mode.  This is to allow the top design properties to be set without GUI intervention.
set_property source_mgmt_mode None [current_project]
set_property top Mux_2_way_4_tb [get_filesets sim_1]
set_property top_lib xil_defaultlib [get_filesets sim_1]
# Re-enabling previously disabled source management mode.
set_property source_mgmt_mode All [current_project]
update_compile_order -fileset sim_1
# Disabling source management mode.  This is to allow the top design properties to be set without GUI intervention.
set_property source_mgmt_mode None [current_project]
set_property top Mux_2_way_4 [current_fileset]
# Re-enabling previously disabled source management mode.
set_property source_mgmt_mode All [current_project]
launch_simulation
source Mux_2_way_4_tb.tcl
update_compile_order -fileset sources_1
close_sim
launch_simulation
source Mux_2_way_4_tb.tcl
# Disabling source management mode.  This is to allow the top design properties to be set without GUI intervention.
set_property source_mgmt_mode None [current_project]
set_property top Mux_8_way_4 [current_fileset]
# Re-enabling previously disabled source management mode.
set_property source_mgmt_mode All [current_project]
# Disabling source management mode.  This is to allow the top design properties to be set without GUI intervention.
set_property source_mgmt_mode None [current_project]
set_property top Mux_8_way_4_tb [get_filesets sim_1]
set_property top_lib xil_defaultlib [get_filesets sim_1]
# Re-enabling previously disabled source management mode.
set_property source_mgmt_mode All [current_project]
update_compile_order -fileset sources_1
update_compile_order -fileset sim_1
launch_simulation
source Mux_8_way_4_tb.tcl
# Disabling source management mode.  This is to allow the top design properties to be set without GUI intervention.
set_property source_mgmt_mode None [current_project]
set_property top ADD_SUB [current_fileset]
# Re-enabling previously disabled source management mode.
set_property source_mgmt_mode All [current_project]
update_compile_order -fileset sources_1
set_property SOURCE_SET sources_1 [get_filesets sim_1]
close [ open {C:/Users/Yutharsan/Documents/GitHub/CODD-Nano-Processor/Nano Processor/Nano Processor.srcs/sim_1/new/TB_AU.vhd} w ]
add_files -fileset sim_1 {{C:/Users/Yutharsan/Documents/GitHub/CODD-Nano-Processor/Nano Processor/Nano Processor.srcs/sim_1/new/TB_AU.vhd}}
update_compile_order -fileset sim_1
# Disabling source management mode.  This is to allow the top design properties to be set without GUI intervention.
set_property source_mgmt_mode None [current_project]
set_property top TB_AU [get_filesets sim_1]
set_property top_lib xil_defaultlib [get_filesets sim_1]
# Re-enabling previously disabled source management mode.
set_property source_mgmt_mode All [current_project]
update_compile_order -fileset sim_1
# Disabling source management mode.  This is to allow the top design properties to be set without GUI intervention.
set_property source_mgmt_mode None [current_project]
set_property top ADD_SUB_tb [get_filesets sim_1]
set_property top_lib xil_defaultlib [get_filesets sim_1]
# Re-enabling previously disabled source management mode.
set_property source_mgmt_mode All [current_project]
update_compile_order -fileset sim_1
launch_simulation
source ADD_SUB_tb.tcl
close_sim
launch_simulation
source ADD_SUB_tb.tcl
close_sim
launch_simulation
source ADD_SUB_tb.tcl
close_sim
launch_simulation
source ADD_SUB_tb.tcl
close_sim
launch_simulation
source ADD_SUB_tb.tcl
set_property SOURCE_SET sources_1 [get_filesets sim_1]
close [ open {C:/Users/Yutharsan/Documents/GitHub/CODD-Nano-Processor/Nano Processor/Nano Processor.srcs/sim_1/new/TB_LUT_16_7.vhd} w ]
add_files -fileset sim_1 {{C:/Users/Yutharsan/Documents/GitHub/CODD-Nano-Processor/Nano Processor/Nano Processor.srcs/sim_1/new/TB_LUT_16_7.vhd}}
update_compile_order -fileset sim_1
# Disabling source management mode.  This is to allow the top design properties to be set without GUI intervention.
set_property source_mgmt_mode None [current_project]
set_property top TB_LUT_16_7 [get_filesets sim_1]
set_property top_lib xil_defaultlib [get_filesets sim_1]
# Re-enabling previously disabled source management mode.
set_property source_mgmt_mode All [current_project]
update_compile_order -fileset sim_1
# Disabling source management mode.  This is to allow the top design properties to be set without GUI intervention.
set_property source_mgmt_mode None [current_project]
set_property top LUT_16_7 [current_fileset]
# Re-enabling previously disabled source management mode.
set_property source_mgmt_mode All [current_project]
update_compile_order -fileset sim_1
update_compile_order -fileset sources_1
# Disabling source management mode.  This is to allow the top design properties to be set without GUI intervention.
set_property source_mgmt_mode None [current_project]
set_property top LUT_16_7_tb [get_filesets sim_1]
set_property top_lib xil_defaultlib [get_filesets sim_1]
# Re-enabling previously disabled source management mode.
set_property source_mgmt_mode All [current_project]
update_compile_order -fileset sim_1
launch_simulation
source LUT_16_7_tb.tcl
