Copyright 1986-2018 Xilinx, Inc. All Rights Reserved.
-----------------------------------------------------------------------------------------------------------------------------------------------------------
| Tool Version : Vivado v.2018.1 (win64) Build 2188600 Wed Apr  4 18:40:38 MDT 2018
| Date         : Mon Apr 22 11:23:37 2024
| Host         : Yutharsan-Ideapad running 64-bit major release  (build 9200)
| Command      : report_methodology -file Display_methodology_drc_routed.rpt -pb Display_methodology_drc_routed.pb -rpx Display_methodology_drc_routed.rpx
| Design       : Display
| Device       : xc7a35tcpg236-1
| Speed File   : -1
| Design State : Routed
-----------------------------------------------------------------------------------------------------------------------------------------------------------

Report Methodology

Table of Contents
-----------------
1. REPORT SUMMARY
2. REPORT DETAILS

1. REPORT SUMMARY
-----------------
            Netlist: netlist
          Floorplan: design_1
      Design limits: <entire design considered>
             Max violations: <unlimited>
             Violations found: 15
+-----------+----------+-----------------------------+------------+
| Rule      | Severity | Description                 | Violations |
+-----------+----------+-----------------------------+------------+
| TIMING-17 | Warning  | Non-clocked sequential cell | 15         |
+-----------+----------+-----------------------------+------------+

2. REPORT DETAILS
-----------------
TIMING-17#1 Warning
Non-clocked sequential cell  
The clock pin component_inst/PC/Reg0/Reg_0/DFF_0/Q_reg_reg/C is not reached by a timing clock
Related violations: <none>

TIMING-17#2 Warning
Non-clocked sequential cell  
The clock pin component_inst/PC/Reg0/Reg_1/DFF_0/Q_reg_reg/C is not reached by a timing clock
Related violations: <none>

TIMING-17#3 Warning
Non-clocked sequential cell  
The clock pin component_inst/PC/Reg0/Reg_2/DFF_0/Q_reg_reg/C is not reached by a timing clock
Related violations: <none>

TIMING-17#4 Warning
Non-clocked sequential cell  
The clock pin component_inst/RB/Register0/Reg_0/DFF_0/Q_reg_reg/C is not reached by a timing clock
Related violations: <none>

TIMING-17#5 Warning
Non-clocked sequential cell  
The clock pin component_inst/RB/Register0/Reg_1/DFF_0/Q_reg_reg/C is not reached by a timing clock
Related violations: <none>

TIMING-17#6 Warning
Non-clocked sequential cell  
The clock pin component_inst/RB/Register0/Reg_2/DFF_0/Q_reg_reg/C is not reached by a timing clock
Related violations: <none>

TIMING-17#7 Warning
Non-clocked sequential cell  
The clock pin component_inst/RB/Register0/Reg_3/DFF_0/Q_reg_reg/C is not reached by a timing clock
Related violations: <none>

TIMING-17#8 Warning
Non-clocked sequential cell  
The clock pin component_inst/RB/Register1/Reg_0/DFF_0/Q_reg_reg/C is not reached by a timing clock
Related violations: <none>

TIMING-17#9 Warning
Non-clocked sequential cell  
The clock pin component_inst/RB/Register1/Reg_1/DFF_0/Q_reg_reg/C is not reached by a timing clock
Related violations: <none>

TIMING-17#10 Warning
Non-clocked sequential cell  
The clock pin component_inst/RB/Register1/Reg_2/DFF_0/Q_reg_reg/C is not reached by a timing clock
Related violations: <none>

TIMING-17#11 Warning
Non-clocked sequential cell  
The clock pin component_inst/RB/Register1/Reg_3/DFF_0/Q_reg_reg/C is not reached by a timing clock
Related violations: <none>

TIMING-17#12 Warning
Non-clocked sequential cell  
The clock pin component_inst/RB/Register2/Reg_0/DFF_0/Q_reg_reg/C is not reached by a timing clock
Related violations: <none>

TIMING-17#13 Warning
Non-clocked sequential cell  
The clock pin component_inst/RB/Register2/Reg_1/DFF_0/Q_reg_reg/C is not reached by a timing clock
Related violations: <none>

TIMING-17#14 Warning
Non-clocked sequential cell  
The clock pin component_inst/RB/Register2/Reg_2/DFF_0/Q_reg_reg/C is not reached by a timing clock
Related violations: <none>

TIMING-17#15 Warning
Non-clocked sequential cell  
The clock pin component_inst/RB/Register2/Reg_3/DFF_0/Q_reg_reg/C is not reached by a timing clock
Related violations: <none>


