#-----------------------------------------------------------
# Vivado v2018.1 (64-bit)
# SW Build 2188600 on Wed Apr  4 18:40:38 MDT 2018
# IP Build 2185939 on Wed Apr  4 20:55:05 MDT 2018
# Start of session at: Thu Apr 25 11:08:41 2024
# Process ID: 19236
# Current directory: C:/Users/Yutharsan/Documents/GitHub/CODD-Nano-Processor/Nano Processor
# Command line: vivado.exe -gui_launcher_event rodinguilauncherevent13360 C:\Users\Yutharsan\Documents\GitHub\CODD-Nano-Processor\Nano Processor\Nano Processor.xpr
# Log file: C:/Users/Yutharsan/Documents/GitHub/CODD-Nano-Processor/Nano Processor/vivado.log
# Journal file: C:/Users/Yutharsan/Documents/GitHub/CODD-Nano-Processor/Nano Processor\vivado.jou
#-----------------------------------------------------------
start_gui
open_project {C:/Users/Yutharsan/Documents/GitHub/CODD-Nano-Processor/Nano Processor/Nano Processor.xpr}
update_compile_order -fileset sources_1
set_property SOURCE_SET sources_1 [get_filesets sim_1]
close [ open {C:/Users/Yutharsan/Documents/GitHub/CODD-Nano-Processor/Nano Processor/Nano Processor.srcs/sim_1/new/TB_Slow_Clock.vhd} w ]
add_files -fileset sim_1 {{C:/Users/Yutharsan/Documents/GitHub/CODD-Nano-Processor/Nano Processor/Nano Processor.srcs/sim_1/new/TB_Slow_Clock.vhd}}
update_compile_order -fileset sim_1
# Disabling source management mode.  This is to allow the top design properties to be set without GUI intervention.
set_property source_mgmt_mode None [current_project]
set_property top Slow_Clk [current_fileset]
# Re-enabling previously disabled source management mode.
set_property source_mgmt_mode All [current_project]
update_compile_order -fileset sources_1
launch_simulation
source ADD_SUB.tcl
# Disabling source management mode.  This is to allow the top design properties to be set without GUI intervention.
set_property source_mgmt_mode None [current_project]
set_property top Slow_Clk_tb [get_filesets sim_1]
set_property top_lib xil_defaultlib [get_filesets sim_1]
# Re-enabling previously disabled source management mode.
set_property source_mgmt_mode All [current_project]
update_compile_order -fileset sim_1
launch_simulation
source Slow_Clk_tb.tcl
