#-----------------------------------------------------------
# Vivado v2018.1 (64-bit)
# SW Build 2188600 on Wed Apr  4 18:40:38 MDT 2018
# IP Build 2185939 on Wed Apr  4 20:55:05 MDT 2018
# Start of session at: Thu Apr 25 08:53:56 2024
# Process ID: 4964
# Current directory: C:/Users/Yutharsan/Documents/GitHub/CODD-Nano-Processor/project_AdvancedNano
# Command line: vivado.exe -gui_launcher_event rodinguilauncherevent12220 C:\Users\Yutharsan\Documents\GitHub\CODD-Nano-Processor\project_AdvancedNano\project_AdvancedNano.xpr
# Log file: C:/Users/Yutharsan/Documents/GitHub/CODD-Nano-Processor/project_AdvancedNano/vivado.log
# Journal file: C:/Users/Yutharsan/Documents/GitHub/CODD-Nano-Processor/project_AdvancedNano\vivado.jou
#-----------------------------------------------------------
start_gui
open_project C:/Users/Yutharsan/Documents/GitHub/CODD-Nano-Processor/project_AdvancedNano/project_AdvancedNano.xpr
add_files -fileset constrs_1 -norecurse C:/Users/Yutharsan/Documents/GitHub/CODD-Nano-Processor/project_AdvancedNano/Basys3Labs.xdc
reset_run synth_1
launch_runs synth_1 -jobs 8
wait_on_run synth_1
launch_runs impl_1 -jobs 8
wait_on_run impl_1
launch_runs impl_1 -to_step write_bitstream -jobs 8
wait_on_run impl_1
open_run impl_1
reset_run synth_1
launch_runs impl_1 -to_step write_bitstream -jobs 8
wait_on_run impl_1
close_design
reset_run synth_1
launch_runs impl_1 -to_step write_bitstream -jobs 8
wait_on_run impl_1
# Disabling source management mode.  This is to allow the top design properties to be set without GUI intervention.
set_property source_mgmt_mode None [current_project]
set_property top Display [current_fileset]
# Re-enabling previously disabled source management mode.
set_property source_mgmt_mode DisplayOnly [current_project]
reset_run synth_1
launch_runs impl_1 -to_step write_bitstream -jobs 8
wait_on_run impl_1
reset_run synth_1
launch_runs synth_1 -jobs 8
wait_on_run synth_1
reset_run synth_1
launch_runs synth_1 -jobs 8
wait_on_run synth_1
